2025-03-09 12:52:22,244 - INFO - 🚀 Data Ingestion Script Started.
2025-03-09 12:52:22,244 - INFO - 📥 Downloading dataset from Kaggle...
2025-03-09 12:52:22,731 - INFO - ✅ Dataset downloaded successfully. Shape: (7043, 21)
2025-03-09 12:52:22,731 - INFO - ⬆️ Uploading data to S3...
2025-03-09 12:52:22,748 - INFO - Found credentials from IAM Role: customer-churn
2025-03-09 12:52:23,018 - INFO - ✅ Successfully uploaded customer_churn_data.csv to S3 bucket dmmlassignment
2025-03-09 12:52:23,018 - INFO - 🔗 Connecting to PostgreSQL RDS...
2025-03-09 12:54:33,447 - ERROR - ❌ Error connecting to RDS: connection to server at "customer-churn.cluster-c5omwscqix0n.ap-south-1.rds.amazonaws.com" (172.31.29.218), port 5432 failed: Connection timed out
	Is the server running on that host and accepting TCP/IP connections?

2025-03-09 14:00:14,431 - INFO - 🚀 Data Ingestion Script Started.
2025-03-09 14:00:14,432 - INFO - 📥 Downloading dataset from Kaggle...
2025-03-09 14:00:14,950 - INFO - ✅ Dataset downloaded successfully. Shape: (7043, 21)
2025-03-09 14:00:14,950 - INFO - ⬆️ Uploading data to S3...
2025-03-09 14:00:14,965 - INFO - Found credentials from IAM Role: customer-churn
2025-03-09 14:00:15,347 - INFO - ✅ Successfully uploaded customer_churn_data.csv to S3 bucket dmmlassignment
2025-03-09 14:00:15,347 - INFO - 🔗 Connecting to PostgreSQL RDS...
2025-03-09 14:00:15,432 - ERROR - ❌ Error connecting to RDS: connection to server at "customer-churn.cluster-c5omwscqix0n.ap-south-1.rds.amazonaws.com" (172.31.29.218), port 5432 failed: FATAL:  password authentication failed for user "postgres"
connection to server at "customer-churn.cluster-c5omwscqix0n.ap-south-1.rds.amazonaws.com" (172.31.29.218), port 5432 failed: FATAL:  password authentication failed for user "postgres"

2025-03-09 14:03:51,212 - INFO - 🚀 Data Ingestion Script Started.
2025-03-09 14:03:51,212 - INFO - 📥 Downloading dataset from Kaggle...
2025-03-09 14:03:51,755 - INFO - ✅ Dataset downloaded successfully. Shape: (7043, 21)
2025-03-09 14:03:51,755 - INFO - ⬆️ Uploading data to S3...
2025-03-09 14:03:51,771 - INFO - Found credentials from IAM Role: customer-churn
2025-03-09 14:03:52,034 - INFO - ✅ Successfully uploaded customer_churn_data.csv to S3 bucket dmmlassignment
2025-03-09 14:03:52,035 - INFO - 🔗 Connecting to PostgreSQL RDS...
2025-03-09 14:03:52,087 - INFO - ✅ Successfully connected to RDS.
2025-03-09 14:03:52,087 - INFO - 📌 Creating table if it doesn't exist...
2025-03-09 14:03:52,399 - INFO - ✅ Table checked/created successfully.
2025-03-09 14:03:52,400 - INFO - 📤 Inserting data into PostgreSQL RDS...
2025-03-09 14:04:03,615 - INFO - ✅ Successfully inserted 7043 records into PostgreSQL.
2025-03-09 14:04:03,616 - INFO - ✅ Database connection closed.
2025-03-09 14:04:03,616 - INFO - 🎯 Data Ingestion Script Completed Successfully.
